OUT: C:/Users/Dan/Documents/ScanPerfect/swing-screener-win-loss-classifier\research\n_derivation_cache
Opening expression cache...

=== HTF ===
  wrote C:/Users/Dan/Documents/ScanPerfect/swing-screener-win-loss-classifier\research\n_derivation_cache\envelope_diag_htf.txt (3.0s)

=== BF ===
  wrote C:/Users/Dan/Documents/ScanPerfect/swing-screener-win-loss-classifier\research\n_derivation_cache\envelope_diag_bf.txt (4.4s)

=== BASE ===
  wrote C:/Users/Dan/Documents/ScanPerfect/swing-screener-win-loss-classifier\research\n_derivation_cache\envelope_diag_base.txt (4.0s)

=== DTSS ===
  wrote C:/Users/Dan/Documents/ScanPerfect/swing-screener-win-loss-classifier\research\n_derivation_cache\envelope_diag_dtss.txt (7.7s)

=== 3-4DB ===
  wrote C:/Users/Dan/Documents/ScanPerfect/swing-screener-win-loss-classifier\research\n_derivation_cache\envelope_diag_3-4db.txt (2.4s)

Wrote rollup to C:/Users/Dan/Documents/ScanPerfect/swing-screener-win-loss-classifier\research\n_derivation_cache\envelope_diag_summary.txt

================================================================================
ENVELOPE DIAGNOSTIC — frontier vs interior, band widths
================================================================================
setup   N    n_rel   covered     degen%    frontier%   interior%   full_front  
htf     39   7262    100.0      %4.0      %41.9       %58.1       %0/31    
bf      49   8013    99.9       %3.9      %37.6       %62.4       %0/45    
base    32   8335    99.9       %3.2      %32.8       %67.2       %0/42    
dtss    86   8675    99.8       %1.6      %30.7       %69.3       %0/73    
3-4db   64   8836    99.9       %5.8      %42.5       %57.5       %0/26    
