OUT: C:/Users/Dan/Documents/ScanPerfect/swing-screener-win-loss-classifier\research\n_derivation_cache
Opening expression cache...

=== HTF ===
  htf: analyzed in 2.9s
  wrote C:/Users/Dan/Documents/ScanPerfect/swing-screener-win-loss-classifier\research\n_derivation_cache\frontier_bars_htf.txt

=== BF ===
  bf: analyzed in 4.3s
  wrote C:/Users/Dan/Documents/ScanPerfect/swing-screener-win-loss-classifier\research\n_derivation_cache\frontier_bars_bf.txt

=== BASE ===
  base: analyzed in 4.0s
  wrote C:/Users/Dan/Documents/ScanPerfect/swing-screener-win-loss-classifier\research\n_derivation_cache\frontier_bars_base.txt

=== DTSS ===
  dtss: analyzed in 7.6s
  wrote C:/Users/Dan/Documents/ScanPerfect/swing-screener-win-loss-classifier\research\n_derivation_cache\frontier_bars_dtss.txt

=== 3-4DB ===
  3-4db: analyzed in 2.4s
  wrote C:/Users/Dan/Documents/ScanPerfect/swing-screener-win-loss-classifier\research\n_derivation_cache\frontier_bars_3-4db.txt

================================================================================
FRONTIER BAR CHECK  per example, how many of its N bars touch
the envelope min or max on at least one feature?
================================================================================
htf       N=39    n_ex_ok=31    frontier_bars: min=39   median=39   max=39    zero-frontier-examples=0
bf        N=49    n_ex_ok=45    frontier_bars: min=49   median=49   max=49    zero-frontier-examples=0
base      N=32    n_ex_ok=42    frontier_bars: min=32   median=32   max=32    zero-frontier-examples=0
dtss      N=86    n_ex_ok=73    frontier_bars: min=86   median=86   max=86    zero-frontier-examples=0
3-4db     N=64    n_ex_ok=26    frontier_bars: min=64   median=64   max=64    zero-frontier-examples=0

Wrote rollup to C:/Users/Dan/Documents/ScanPerfect/swing-screener-win-loss-classifier\research\n_derivation_cache\frontier_bars_summary.txt
