OUT: C:/Users/Dan/Documents/ScanPerfect/swing-screener-win-loss-classifier\research\presignal_grinder_all
Loading OHLCV: C:/Users/Dan/Documents/ScanPerfect/swing-screener\local_runner\cache\universe_ohlcv_daily.pkl
Universe: 11842 tickers  (1.3s)

======================================================================
=== HTF  N=39
======================================================================
DB examples: 32
Valid example paths: 31 / 32  (shape (31, 39))
F1 sanity OK: 31/31
  F1 scan 3000/11842  (14s)
  F1 scan 6000/11842  (29s)
  F1 scan 9000/11842  (43s)
F1 scan complete: 56.9s, 12,529,121 candidates
F1 bars: 2,534  clusters: 2,405  (ex: 31/31, non-ex: 2,374)
  [D1] M*=80  spread@M*=0.9069  n_valid@M*=30/31  spread range [0.8993, 1.5438]
  [D2] M*=190  spread@M*=4.1167  n_valid@M*=29/31  spread range [0.4238, 4.1167]
  [D5] M*=71  spread@M*=1.6586  n_valid@M*=30/31  spread range [1.3011, 3.4781]
Location horizons: M1=80 M2=190 M5=71
Location sanity: 31/31
  Loc scan 3000/11842  (8s)
C:\Users\Dan\Documents\ScanPerfect\swing-screener-win-loss-classifier\research\location_axis.py:321: RuntimeWarning: All-NaN slice encountered
  w_min = np.nanmin(window, axis=1)
C:\Users\Dan\Documents\ScanPerfect\swing-screener-win-loss-classifier\research\location_axis.py:322: RuntimeWarning: All-NaN slice encountered
  w_max = np.nanmax(window, axis=1)
C:\Users\Dan\AppData\Roaming\Python\Python314\site-packages\numpy\lib\_nanfunctions_impl.py:1997: RuntimeWarning: Degrees of freedom <= 0 for slice.
  var = nanvar(a, axis=axis, dtype=dtype, out=out, ddof=ddof,
C:\Users\Dan\AppData\Roaming\Python\Python314\site-packages\numpy\lib\_nanfunctions_impl.py:1997: RuntimeWarning: Degrees of freedom <= 0 for slice.
  var = nanvar(a, axis=axis, dtype=dtype, out=out, ddof=ddof,
  Loc scan 6000/11842  (17s)
C:\Users\Dan\Documents\ScanPerfect\swing-screener-win-loss-classifier\research\location_axis.py:321: RuntimeWarning: All-NaN slice encountered
  w_min = np.nanmin(window, axis=1)
C:\Users\Dan\Documents\ScanPerfect\swing-screener-win-loss-classifier\research\location_axis.py:322: RuntimeWarning: All-NaN slice encountered
  w_max = np.nanmax(window, axis=1)
C:\Users\Dan\AppData\Roaming\Python\Python314\site-packages\numpy\lib\_nanfunctions_impl.py:1997: RuntimeWarning: Degrees of freedom <= 0 for slice.
  var = nanvar(a, axis=axis, dtype=dtype, out=out, ddof=ddof,
C:\Users\Dan\AppData\Roaming\Python\Python314\site-packages\numpy\lib\_nanfunctions_impl.py:1997: RuntimeWarning: Degrees of freedom <= 0 for slice.
  var = nanvar(a, axis=axis, dtype=dtype, out=out, ddof=ddof,
  Loc scan 9000/11842  (26s)
C:\Users\Dan\Documents\ScanPerfect\swing-screener-win-loss-classifier\research\location_axis.py:321: RuntimeWarning: All-NaN slice encountered
  w_min = np.nanmin(window, axis=1)
C:\Users\Dan\Documents\ScanPerfect\swing-screener-win-loss-classifier\research\location_axis.py:322: RuntimeWarning: All-NaN slice encountered
  w_max = np.nanmax(window, axis=1)
C:\Users\Dan\AppData\Roaming\Python\Python314\site-packages\numpy\lib\_nanfunctions_impl.py:1997: RuntimeWarning: Degrees of freedom <= 0 for slice.
  var = nanvar(a, axis=axis, dtype=dtype, out=out, ddof=ddof,
C:\Users\Dan\AppData\Roaming\Python\Python314\site-packages\numpy\lib\_nanfunctions_impl.py:1997: RuntimeWarning: Degrees of freedom <= 0 for slice.
  var = nanvar(a, axis=axis, dtype=dtype, out=out, ddof=ddof,
Location scan complete: 33.7s
Location clusters: 658,467  (ex: 31/31, non-ex: 658,436)
F1 INTERSECT Location: 1,141 clusters  (ex-matched: 31/31)
Setup elapsed: 91.4s

======================================================================
=== BF  N=49
======================================================================
DB examples: 45
Valid example paths: 45 / 45  (shape (45, 49))
F1 sanity OK: 45/45
  F1 scan 3000/11842  (19s)
  F1 scan 6000/11842  (38s)
  F1 scan 9000/11842  (57s)
F1 scan complete: 74.2s, 12,469,879 candidates
F1 bars: 8,397  clusters: 7,507  (ex: 45/45, non-ex: 7,462)
  [D1] M*=37  spread@M*=0.7526  n_valid@M*=45/45  spread range [0.7041, 2.7410]
  [D2] M*=198  spread@M*=5.8784  n_valid@M*=44/45  spread range [0.6697, 5.8784]
  [D5] M*=91  spread@M*=1.1518  n_valid@M*=45/45  spread range [1.0533, 2.4891]
Location horizons: M1=37 M2=198 M5=91
Location sanity: 45/45
  Loc scan 3000/11842  (9s)
C:\Users\Dan\Documents\ScanPerfect\swing-screener-win-loss-classifier\research\location_axis.py:321: RuntimeWarning: All-NaN slice encountered
  w_min = np.nanmin(window, axis=1)
C:\Users\Dan\Documents\ScanPerfect\swing-screener-win-loss-classifier\research\location_axis.py:322: RuntimeWarning: All-NaN slice encountered
  w_max = np.nanmax(window, axis=1)
C:\Users\Dan\AppData\Roaming\Python\Python314\site-packages\numpy\lib\_nanfunctions_impl.py:1997: RuntimeWarning: Degrees of freedom <= 0 for slice.
  var = nanvar(a, axis=axis, dtype=dtype, out=out, ddof=ddof,
C:\Users\Dan\Documents\ScanPerfect\swing-screener-win-loss-classifier\research\location_axis.py:321: RuntimeWarning: All-NaN slice encountered
  w_min = np.nanmin(window, axis=1)
C:\Users\Dan\Documents\ScanPerfect\swing-screener-win-loss-classifier\research\location_axis.py:322: RuntimeWarning: All-NaN slice encountered
  w_max = np.nanmax(window, axis=1)
C:\Users\Dan\AppData\Roaming\Python\Python314\site-packages\numpy\lib\_nanfunctions_impl.py:1997: RuntimeWarning: Degrees of freedom <= 0 for slice.
  var = nanvar(a, axis=axis, dtype=dtype, out=out, ddof=ddof,
  Loc scan 6000/11842  (19s)
C:\Users\Dan\Documents\ScanPerfect\swing-screener-win-loss-classifier\research\location_axis.py:321: RuntimeWarning: All-NaN slice encountered
  w_min = np.nanmin(window, axis=1)
C:\Users\Dan\Documents\ScanPerfect\swing-screener-win-loss-classifier\research\location_axis.py:322: RuntimeWarning: All-NaN slice encountered
  w_max = np.nanmax(window, axis=1)
C:\Users\Dan\AppData\Roaming\Python\Python314\site-packages\numpy\lib\_nanfunctions_impl.py:1997: RuntimeWarning: Degrees of freedom <= 0 for slice.
  var = nanvar(a, axis=axis, dtype=dtype, out=out, ddof=ddof,
C:\Users\Dan\Documents\ScanPerfect\swing-screener-win-loss-classifier\research\location_axis.py:321: RuntimeWarning: All-NaN slice encountered
  w_min = np.nanmin(window, axis=1)
C:\Users\Dan\Documents\ScanPerfect\swing-screener-win-loss-classifier\research\location_axis.py:322: RuntimeWarning: All-NaN slice encountered
  w_max = np.nanmax(window, axis=1)
C:\Users\Dan\Documents\ScanPerfect\swing-screener-win-loss-classifier\research\location_axis.py:321: RuntimeWarning: All-NaN slice encountered
  w_min = np.nanmin(window, axis=1)
C:\Users\Dan\Documents\ScanPerfect\swing-screener-win-loss-classifier\research\location_axis.py:322: RuntimeWarning: All-NaN slice encountered
  w_max = np.nanmax(window, axis=1)
C:\Users\Dan\Documents\ScanPerfect\swing-screener-win-loss-classifier\research\location_axis.py:321: RuntimeWarning: All-NaN slice encountered
  w_min = np.nanmin(window, axis=1)
C:\Users\Dan\Documents\ScanPerfect\swing-screener-win-loss-classifier\research\location_axis.py:322: RuntimeWarning: All-NaN slice encountered
  w_max = np.nanmax(window, axis=1)
  Loc scan 9000/11842  (28s)
C:\Users\Dan\Documents\ScanPerfect\swing-screener-win-loss-classifier\research\location_axis.py:321: RuntimeWarning: All-NaN slice encountered
  w_min = np.nanmin(window, axis=1)
C:\Users\Dan\Documents\ScanPerfect\swing-screener-win-loss-classifier\research\location_axis.py:322: RuntimeWarning: All-NaN slice encountered
  w_max = np.nanmax(window, axis=1)
C:\Users\Dan\AppData\Roaming\Python\Python314\site-packages\numpy\lib\_nanfunctions_impl.py:1997: RuntimeWarning: Degrees of freedom <= 0 for slice.
  var = nanvar(a, axis=axis, dtype=dtype, out=out, ddof=ddof,
C:\Users\Dan\Documents\ScanPerfect\swing-screener-win-loss-classifier\research\location_axis.py:321: RuntimeWarning: All-NaN slice encountered
  w_min = np.nanmin(window, axis=1)
C:\Users\Dan\Documents\ScanPerfect\swing-screener-win-loss-classifier\research\location_axis.py:322: RuntimeWarning: All-NaN slice encountered
  w_max = np.nanmax(window, axis=1)
C:\Users\Dan\Documents\ScanPerfect\swing-screener-win-loss-classifier\research\location_axis.py:321: RuntimeWarning: All-NaN slice encountered
  w_min = np.nanmin(window, axis=1)
C:\Users\Dan\Documents\ScanPerfect\swing-screener-win-loss-classifier\research\location_axis.py:322: RuntimeWarning: All-NaN slice encountered
  w_max = np.nanmax(window, axis=1)
Location scan complete: 36.5s
Location clusters: 494,436  (ex: 45/45, non-ex: 494,391)
F1 INTERSECT Location: 3,332 clusters  (ex-matched: 45/45)
Setup elapsed: 111.4s

======================================================================
=== BASE  N=32
======================================================================
DB examples: 42
Valid example paths: 42 / 42  (shape (42, 32))
F1 sanity OK: 42/42
  F1 scan 3000/11842  (14s)
  F1 scan 6000/11842  (29s)
  F1 scan 9000/11842  (42s)
F1 scan complete: 55.9s, 12,570,886 candidates
F1 bars: 123,086  clusters: 113,078  (ex: 42/42, non-ex: 113,036)
  [D1] M*=36  spread@M*=0.9020  n_valid@M*=42/42  spread range [0.6446, 2.7346]
  [D2] M*=215  spread@M*=5.8604  n_valid@M*=40/42  spread range [0.8230, 5.8604]
  [D5] M*=11  spread@M*=2.1623  n_valid@M*=42/42  spread range [1.2654, 2.1623]
Location horizons: M1=36 M2=215 M5=11
Location sanity: 42/42
C:\Users\Dan\AppData\Roaming\Python\Python314\site-packages\numpy\lib\_nanfunctions_impl.py:1997: RuntimeWarning: Degrees of freedom <= 0 for slice.
  var = nanvar(a, axis=axis, dtype=dtype, out=out, ddof=ddof,
C:\Users\Dan\AppData\Roaming\Python\Python314\site-packages\numpy\lib\_nanfunctions_impl.py:1997: RuntimeWarning: Degrees of freedom <= 0 for slice.
  var = nanvar(a, axis=axis, dtype=dtype, out=out, ddof=ddof,
C:\Users\Dan\AppData\Roaming\Python\Python314\site-packages\numpy\lib\_nanfunctions_impl.py:1997: RuntimeWarning: Degrees of freedom <= 0 for slice.
  var = nanvar(a, axis=axis, dtype=dtype, out=out, ddof=ddof,
C:\Users\Dan\AppData\Roaming\Python\Python314\site-packages\numpy\lib\_nanfunctions_impl.py:1997: RuntimeWarning: Degrees of freedom <= 0 for slice.
  var = nanvar(a, axis=axis, dtype=dtype, out=out, ddof=ddof,
C:\Users\Dan\AppData\Roaming\Python\Python314\site-packages\numpy\lib\_nanfunctions_impl.py:1997: RuntimeWarning: Degrees of freedom <= 0 for slice.
  var = nanvar(a, axis=axis, dtype=dtype, out=out, ddof=ddof,
  Loc scan 3000/11842  (7s)
C:\Users\Dan\AppData\Roaming\Python\Python314\site-packages\numpy\lib\_nanfunctions_impl.py:1997: RuntimeWarning: Degrees of freedom <= 0 for slice.
  var = nanvar(a, axis=axis, dtype=dtype, out=out, ddof=ddof,
C:\Users\Dan\Documents\ScanPerfect\swing-screener-win-loss-classifier\research\location_axis.py:321: RuntimeWarning: All-NaN slice encountered
  w_min = np.nanmin(window, axis=1)
C:\Users\Dan\Documents\ScanPerfect\swing-screener-win-loss-classifier\research\location_axis.py:322: RuntimeWarning: All-NaN slice encountered
  w_max = np.nanmax(window, axis=1)
C:\Users\Dan\AppData\Roaming\Python\Python314\site-packages\numpy\lib\_nanfunctions_impl.py:1997: RuntimeWarning: Degrees of freedom <= 0 for slice.
  var = nanvar(a, axis=axis, dtype=dtype, out=out, ddof=ddof,
C:\Users\Dan\Documents\ScanPerfect\swing-screener-win-loss-classifier\research\location_axis.py:321: RuntimeWarning: All-NaN slice encountered
  w_min = np.nanmin(window, axis=1)
C:\Users\Dan\Documents\ScanPerfect\swing-screener-win-loss-classifier\research\location_axis.py:322: RuntimeWarning: All-NaN slice encountered
  w_max = np.nanmax(window, axis=1)
C:\Users\Dan\AppData\Roaming\Python\Python314\site-packages\numpy\lib\_nanfunctions_impl.py:1997: RuntimeWarning: Degrees of freedom <= 0 for slice.
  var = nanvar(a, axis=axis, dtype=dtype, out=out, ddof=ddof,
C:\Users\Dan\AppData\Roaming\Python\Python314\site-packages\numpy\lib\_nanfunctions_impl.py:1997: RuntimeWarning: Degrees of freedom <= 0 for slice.
  var = nanvar(a, axis=axis, dtype=dtype, out=out, ddof=ddof,
  Loc scan 6000/11842  (15s)
C:\Users\Dan\AppData\Roaming\Python\Python314\site-packages\numpy\lib\_nanfunctions_impl.py:1997: RuntimeWarning: Degrees of freedom <= 0 for slice.
  var = nanvar(a, axis=axis, dtype=dtype, out=out, ddof=ddof,
C:\Users\Dan\AppData\Roaming\Python\Python314\site-packages\numpy\lib\_nanfunctions_impl.py:1997: RuntimeWarning: Degrees of freedom <= 0 for slice.
  var = nanvar(a, axis=axis, dtype=dtype, out=out, ddof=ddof,
C:\Users\Dan\Documents\ScanPerfect\swing-screener-win-loss-classifier\research\location_axis.py:321: RuntimeWarning: All-NaN slice encountered
  w_min = np.nanmin(window, axis=1)
C:\Users\Dan\Documents\ScanPerfect\swing-screener-win-loss-classifier\research\location_axis.py:322: RuntimeWarning: All-NaN slice encountered
  w_max = np.nanmax(window, axis=1)
C:\Users\Dan\AppData\Roaming\Python\Python314\site-packages\numpy\lib\_nanfunctions_impl.py:1997: RuntimeWarning: Degrees of freedom <= 0 for slice.
  var = nanvar(a, axis=axis, dtype=dtype, out=out, ddof=ddof,
C:\Users\Dan\Documents\ScanPerfect\swing-screener-win-loss-classifier\research\location_axis.py:321: RuntimeWarning: All-NaN slice encountered
  w_min = np.nanmin(window, axis=1)
C:\Users\Dan\Documents\ScanPerfect\swing-screener-win-loss-classifier\research\location_axis.py:322: RuntimeWarning: All-NaN slice encountered
  w_max = np.nanmax(window, axis=1)
C:\Users\Dan\AppData\Roaming\Python\Python314\site-packages\numpy\lib\_nanfunctions_impl.py:1997: RuntimeWarning: Degrees of freedom <= 0 for slice.
  var = nanvar(a, axis=axis, dtype=dtype, out=out, ddof=ddof,
C:\Users\Dan\Documents\ScanPerfect\swing-screener-win-loss-classifier\research\location_axis.py:321: RuntimeWarning: All-NaN slice encountered
  w_min = np.nanmin(window, axis=1)
C:\Users\Dan\Documents\ScanPerfect\swing-screener-win-loss-classifier\research\location_axis.py:322: RuntimeWarning: All-NaN slice encountered
  w_max = np.nanmax(window, axis=1)
C:\Users\Dan\AppData\Roaming\Python\Python314\site-packages\numpy\lib\_nanfunctions_impl.py:1997: RuntimeWarning: Degrees of freedom <= 0 for slice.
  var = nanvar(a, axis=axis, dtype=dtype, out=out, ddof=ddof,
C:\Users\Dan\AppData\Roaming\Python\Python314\site-packages\numpy\lib\_nanfunctions_impl.py:1997: RuntimeWarning: Degrees of freedom <= 0 for slice.
  var = nanvar(a, axis=axis, dtype=dtype, out=out, ddof=ddof,
C:\Users\Dan\Documents\ScanPerfect\swing-screener-win-loss-classifier\research\location_axis.py:321: RuntimeWarning: All-NaN slice encountered
  w_min = np.nanmin(window, axis=1)
C:\Users\Dan\Documents\ScanPerfect\swing-screener-win-loss-classifier\research\location_axis.py:322: RuntimeWarning: All-NaN slice encountered
  w_max = np.nanmax(window, axis=1)
C:\Users\Dan\AppData\Roaming\Python\Python314\site-packages\numpy\lib\_nanfunctions_impl.py:1997: RuntimeWarning: Degrees of freedom <= 0 for slice.
  var = nanvar(a, axis=axis, dtype=dtype, out=out, ddof=ddof,
  Loc scan 9000/11842  (22s)
C:\Users\Dan\Documents\ScanPerfect\swing-screener-win-loss-classifier\research\location_axis.py:321: RuntimeWarning: All-NaN slice encountered
  w_min = np.nanmin(window, axis=1)
C:\Users\Dan\Documents\ScanPerfect\swing-screener-win-loss-classifier\research\location_axis.py:322: RuntimeWarning: All-NaN slice encountered
  w_max = np.nanmax(window, axis=1)
C:\Users\Dan\AppData\Roaming\Python\Python314\site-packages\numpy\lib\_nanfunctions_impl.py:1997: RuntimeWarning: Degrees of freedom <= 0 for slice.
  var = nanvar(a, axis=axis, dtype=dtype, out=out, ddof=ddof,
C:\Users\Dan\AppData\Roaming\Python\Python314\site-packages\numpy\lib\_nanfunctions_impl.py:1997: RuntimeWarning: Degrees of freedom <= 0 for slice.
  var = nanvar(a, axis=axis, dtype=dtype, out=out, ddof=ddof,
C:\Users\Dan\AppData\Roaming\Python\Python314\site-packages\numpy\lib\_nanfunctions_impl.py:1997: RuntimeWarning: Degrees of freedom <= 0 for slice.
  var = nanvar(a, axis=axis, dtype=dtype, out=out, ddof=ddof,
C:\Users\Dan\AppData\Roaming\Python\Python314\site-packages\numpy\lib\_nanfunctions_impl.py:1997: RuntimeWarning: Degrees of freedom <= 0 for slice.
  var = nanvar(a, axis=axis, dtype=dtype, out=out, ddof=ddof,
C:\Users\Dan\Documents\ScanPerfect\swing-screener-win-loss-classifier\research\location_axis.py:321: RuntimeWarning: All-NaN slice encountered
  w_min = np.nanmin(window, axis=1)
C:\Users\Dan\Documents\ScanPerfect\swing-screener-win-loss-classifier\research\location_axis.py:322: RuntimeWarning: All-NaN slice encountered
  w_max = np.nanmax(window, axis=1)
C:\Users\Dan\AppData\Roaming\Python\Python314\site-packages\numpy\lib\_nanfunctions_impl.py:1997: RuntimeWarning: Degrees of freedom <= 0 for slice.
  var = nanvar(a, axis=axis, dtype=dtype, out=out, ddof=ddof,
C:\Users\Dan\Documents\ScanPerfect\swing-screener-win-loss-classifier\research\location_axis.py:321: RuntimeWarning: All-NaN slice encountered
  w_min = np.nanmin(window, axis=1)
C:\Users\Dan\Documents\ScanPerfect\swing-screener-win-loss-classifier\research\location_axis.py:322: RuntimeWarning: All-NaN slice encountered
  w_max = np.nanmax(window, axis=1)
C:\Users\Dan\AppData\Roaming\Python\Python314\site-packages\numpy\lib\_nanfunctions_impl.py:1997: RuntimeWarning: Degrees of freedom <= 0 for slice.
  var = nanvar(a, axis=axis, dtype=dtype, out=out, ddof=ddof,
C:\Users\Dan\AppData\Roaming\Python\Python314\site-packages\numpy\lib\_nanfunctions_impl.py:1997: RuntimeWarning: Degrees of freedom <= 0 for slice.
  var = nanvar(a, axis=axis, dtype=dtype, out=out, ddof=ddof,
Location scan complete: 29.4s
Location clusters: 705,433  (ex: 42/42, non-ex: 705,391)
F1 INTERSECT Location: 46,482 clusters  (ex-matched: 42/42)
Setup elapsed: 86.3s

======================================================================
=== DTSS  N=86
======================================================================
DB examples: 73
Valid example paths: 73 / 73  (shape (73, 86))
F1 sanity OK: 73/73
  F1 scan 3000/11842  (77s)
  F1 scan 6000/11842  (159s)
  F1 scan 9000/11842  (232s)
F1 scan complete: 304.1s, 12,255,189 candidates
F1 bars: 912,678  clusters: 275,367  (ex: 73/73, non-ex: 275,294)
  [D1] M*=34  spread@M*=0.8032  n_valid@M*=73/73  spread range [0.4293, 2.0979]
  [D2] M*=42  spread@M*=2.1648  n_valid@M*=73/73  spread range [0.5989, 3.5070]
  [D5] M*=73  spread@M*=1.4669  n_valid@M*=73/73  spread range [1.4320, 2.3819]
Location horizons: M1=34 M2=42 M5=73
Location sanity: 73/73
  Loc scan 3000/11842  (7s)
C:\Users\Dan\Documents\ScanPerfect\swing-screener-win-loss-classifier\research\location_axis.py:321: RuntimeWarning: All-NaN slice encountered
  w_min = np.nanmin(window, axis=1)
C:\Users\Dan\Documents\ScanPerfect\swing-screener-win-loss-classifier\research\location_axis.py:322: RuntimeWarning: All-NaN slice encountered
  w_max = np.nanmax(window, axis=1)
C:\Users\Dan\AppData\Roaming\Python\Python314\site-packages\numpy\lib\_nanfunctions_impl.py:1997: RuntimeWarning: Degrees of freedom <= 0 for slice.
  var = nanvar(a, axis=axis, dtype=dtype, out=out, ddof=ddof,
C:\Users\Dan\Documents\ScanPerfect\swing-screener-win-loss-classifier\research\location_axis.py:321: RuntimeWarning: All-NaN slice encountered
  w_min = np.nanmin(window, axis=1)
C:\Users\Dan\Documents\ScanPerfect\swing-screener-win-loss-classifier\research\location_axis.py:322: RuntimeWarning: All-NaN slice encountered
  w_max = np.nanmax(window, axis=1)
C:\Users\Dan\AppData\Roaming\Python\Python314\site-packages\numpy\lib\_nanfunctions_impl.py:1997: RuntimeWarning: Degrees of freedom <= 0 for slice.
  var = nanvar(a, axis=axis, dtype=dtype, out=out, ddof=ddof,
  Loc scan 6000/11842  (15s)
C:\Users\Dan\Documents\ScanPerfect\swing-screener-win-loss-classifier\research\location_axis.py:321: RuntimeWarning: All-NaN slice encountered
  w_min = np.nanmin(window, axis=1)
C:\Users\Dan\Documents\ScanPerfect\swing-screener-win-loss-classifier\research\location_axis.py:322: RuntimeWarning: All-NaN slice encountered
  w_max = np.nanmax(window, axis=1)
C:\Users\Dan\AppData\Roaming\Python\Python314\site-packages\numpy\lib\_nanfunctions_impl.py:1997: RuntimeWarning: Degrees of freedom <= 0 for slice.
  var = nanvar(a, axis=axis, dtype=dtype, out=out, ddof=ddof,
C:\Users\Dan\Documents\ScanPerfect\swing-screener-win-loss-classifier\research\location_axis.py:321: RuntimeWarning: All-NaN slice encountered
  w_min = np.nanmin(window, axis=1)
C:\Users\Dan\Documents\ScanPerfect\swing-screener-win-loss-classifier\research\location_axis.py:322: RuntimeWarning: All-NaN slice encountered
  w_max = np.nanmax(window, axis=1)
C:\Users\Dan\Documents\ScanPerfect\swing-screener-win-loss-classifier\research\location_axis.py:321: RuntimeWarning: All-NaN slice encountered
  w_min = np.nanmin(window, axis=1)
C:\Users\Dan\Documents\ScanPerfect\swing-screener-win-loss-classifier\research\location_axis.py:322: RuntimeWarning: All-NaN slice encountered
  w_max = np.nanmax(window, axis=1)
C:\Users\Dan\AppData\Roaming\Python\Python314\site-packages\numpy\lib\_nanfunctions_impl.py:1997: RuntimeWarning: Degrees of freedom <= 0 for slice.
  var = nanvar(a, axis=axis, dtype=dtype, out=out, ddof=ddof,
C:\Users\Dan\Documents\ScanPerfect\swing-screener-win-loss-classifier\research\location_axis.py:321: RuntimeWarning: All-NaN slice encountered
  w_min = np.nanmin(window, axis=1)
C:\Users\Dan\Documents\ScanPerfect\swing-screener-win-loss-classifier\research\location_axis.py:322: RuntimeWarning: All-NaN slice encountered
  w_max = np.nanmax(window, axis=1)
  Loc scan 9000/11842  (23s)
C:\Users\Dan\Documents\ScanPerfect\swing-screener-win-loss-classifier\research\location_axis.py:321: RuntimeWarning: All-NaN slice encountered
  w_min = np.nanmin(window, axis=1)
C:\Users\Dan\Documents\ScanPerfect\swing-screener-win-loss-classifier\research\location_axis.py:322: RuntimeWarning: All-NaN slice encountered
  w_max = np.nanmax(window, axis=1)
C:\Users\Dan\AppData\Roaming\Python\Python314\site-packages\numpy\lib\_nanfunctions_impl.py:1997: RuntimeWarning: Degrees of freedom <= 0 for slice.
  var = nanvar(a, axis=axis, dtype=dtype, out=out, ddof=ddof,
C:\Users\Dan\Documents\ScanPerfect\swing-screener-win-loss-classifier\research\location_axis.py:321: RuntimeWarning: All-NaN slice encountered
  w_min = np.nanmin(window, axis=1)
C:\Users\Dan\Documents\ScanPerfect\swing-screener-win-loss-classifier\research\location_axis.py:322: RuntimeWarning: All-NaN slice encountered
  w_max = np.nanmax(window, axis=1)
C:\Users\Dan\AppData\Roaming\Python\Python314\site-packages\numpy\lib\_nanfunctions_impl.py:1997: RuntimeWarning: Degrees of freedom <= 0 for slice.
  var = nanvar(a, axis=axis, dtype=dtype, out=out, ddof=ddof,
C:\Users\Dan\Documents\ScanPerfect\swing-screener-win-loss-classifier\research\location_axis.py:321: RuntimeWarning: All-NaN slice encountered
  w_min = np.nanmin(window, axis=1)
C:\Users\Dan\Documents\ScanPerfect\swing-screener-win-loss-classifier\research\location_axis.py:322: RuntimeWarning: All-NaN slice encountered
  w_max = np.nanmax(window, axis=1)
Location scan complete: 30.1s
Location clusters: 374,780  (ex: 73/73, non-ex: 374,707)
F1 INTERSECT Location: 9,196 clusters  (ex-matched: 73/73)
Setup elapsed: 335.3s

======================================================================
=== 3-4DB  N=64
======================================================================
DB examples: 27
Valid example paths: 26 / 27  (shape (26, 64))
F1 sanity OK: 26/26
  F1 scan 3000/11842  (17s)
  F1 scan 6000/11842  (35s)
  F1 scan 9000/11842  (53s)
F1 scan complete: 69.3s, 12,382,145 candidates
F1 bars: 5,620  clusters: 5,067  (ex: 26/26, non-ex: 5,041)
  [D1] M*=93  spread@M*=0.4289  n_valid@M*=26/26  spread range [0.3549, 0.9371]
  [D2] M*=160  spread@M*=4.5151  n_valid@M*=25/26  spread range [1.1214, 4.7674]
  [D5] M*=12  spread@M*=2.4066  n_valid@M*=26/26  spread range [0.8834, 2.4066]
Location horizons: M1=93 M2=160 M5=12
Location sanity: 26/26
C:\Users\Dan\AppData\Roaming\Python\Python314\site-packages\numpy\lib\_nanfunctions_impl.py:1997: RuntimeWarning: Degrees of freedom <= 0 for slice.
  var = nanvar(a, axis=axis, dtype=dtype, out=out, ddof=ddof,
C:\Users\Dan\AppData\Roaming\Python\Python314\site-packages\numpy\lib\_nanfunctions_impl.py:1997: RuntimeWarning: Degrees of freedom <= 0 for slice.
  var = nanvar(a, axis=axis, dtype=dtype, out=out, ddof=ddof,
C:\Users\Dan\AppData\Roaming\Python\Python314\site-packages\numpy\lib\_nanfunctions_impl.py:1997: RuntimeWarning: Degrees of freedom <= 0 for slice.
  var = nanvar(a, axis=axis, dtype=dtype, out=out, ddof=ddof,
C:\Users\Dan\AppData\Roaming\Python\Python314\site-packages\numpy\lib\_nanfunctions_impl.py:1997: RuntimeWarning: Degrees of freedom <= 0 for slice.
  var = nanvar(a, axis=axis, dtype=dtype, out=out, ddof=ddof,
C:\Users\Dan\AppData\Roaming\Python\Python314\site-packages\numpy\lib\_nanfunctions_impl.py:1997: RuntimeWarning: Degrees of freedom <= 0 for slice.
  var = nanvar(a, axis=axis, dtype=dtype, out=out, ddof=ddof,
  Loc scan 3000/11842  (7s)
C:\Users\Dan\Documents\ScanPerfect\swing-screener-win-loss-classifier\research\location_axis.py:321: RuntimeWarning: All-NaN slice encountered
  w_min = np.nanmin(window, axis=1)
C:\Users\Dan\Documents\ScanPerfect\swing-screener-win-loss-classifier\research\location_axis.py:322: RuntimeWarning: All-NaN slice encountered
  w_max = np.nanmax(window, axis=1)
C:\Users\Dan\AppData\Roaming\Python\Python314\site-packages\numpy\lib\_nanfunctions_impl.py:1997: RuntimeWarning: Degrees of freedom <= 0 for slice.
  var = nanvar(a, axis=axis, dtype=dtype, out=out, ddof=ddof,
C:\Users\Dan\AppData\Roaming\Python\Python314\site-packages\numpy\lib\_nanfunctions_impl.py:1997: RuntimeWarning: Degrees of freedom <= 0 for slice.
  var = nanvar(a, axis=axis, dtype=dtype, out=out, ddof=ddof,
C:\Users\Dan\AppData\Roaming\Python\Python314\site-packages\numpy\lib\_nanfunctions_impl.py:1997: RuntimeWarning: Degrees of freedom <= 0 for slice.
  var = nanvar(a, axis=axis, dtype=dtype, out=out, ddof=ddof,
  Loc scan 6000/11842  (15s)
C:\Users\Dan\AppData\Roaming\Python\Python314\site-packages\numpy\lib\_nanfunctions_impl.py:1997: RuntimeWarning: Degrees of freedom <= 0 for slice.
  var = nanvar(a, axis=axis, dtype=dtype, out=out, ddof=ddof,
C:\Users\Dan\AppData\Roaming\Python\Python314\site-packages\numpy\lib\_nanfunctions_impl.py:1997: RuntimeWarning: Degrees of freedom <= 0 for slice.
  var = nanvar(a, axis=axis, dtype=dtype, out=out, ddof=ddof,
C:\Users\Dan\Documents\ScanPerfect\swing-screener-win-loss-classifier\research\location_axis.py:321: RuntimeWarning: All-NaN slice encountered
  w_min = np.nanmin(window, axis=1)
C:\Users\Dan\Documents\ScanPerfect\swing-screener-win-loss-classifier\research\location_axis.py:322: RuntimeWarning: All-NaN slice encountered
  w_max = np.nanmax(window, axis=1)
C:\Users\Dan\AppData\Roaming\Python\Python314\site-packages\numpy\lib\_nanfunctions_impl.py:1997: RuntimeWarning: Degrees of freedom <= 0 for slice.
  var = nanvar(a, axis=axis, dtype=dtype, out=out, ddof=ddof,
C:\Users\Dan\AppData\Roaming\Python\Python314\site-packages\numpy\lib\_nanfunctions_impl.py:1997: RuntimeWarning: Degrees of freedom <= 0 for slice.
  var = nanvar(a, axis=axis, dtype=dtype, out=out, ddof=ddof,
C:\Users\Dan\AppData\Roaming\Python\Python314\site-packages\numpy\lib\_nanfunctions_impl.py:1997: RuntimeWarning: Degrees of freedom <= 0 for slice.
  var = nanvar(a, axis=axis, dtype=dtype, out=out, ddof=ddof,
C:\Users\Dan\AppData\Roaming\Python\Python314\site-packages\numpy\lib\_nanfunctions_impl.py:1997: RuntimeWarning: Degrees of freedom <= 0 for slice.
  var = nanvar(a, axis=axis, dtype=dtype, out=out, ddof=ddof,
C:\Users\Dan\AppData\Roaming\Python\Python314\site-packages\numpy\lib\_nanfunctions_impl.py:1997: RuntimeWarning: Degrees of freedom <= 0 for slice.
  var = nanvar(a, axis=axis, dtype=dtype, out=out, ddof=ddof,
  Loc scan 9000/11842  (23s)
C:\Users\Dan\Documents\ScanPerfect\swing-screener-win-loss-classifier\research\location_axis.py:321: RuntimeWarning: All-NaN slice encountered
  w_min = np.nanmin(window, axis=1)
C:\Users\Dan\Documents\ScanPerfect\swing-screener-win-loss-classifier\research\location_axis.py:322: RuntimeWarning: All-NaN slice encountered
  w_max = np.nanmax(window, axis=1)
C:\Users\Dan\AppData\Roaming\Python\Python314\site-packages\numpy\lib\_nanfunctions_impl.py:1997: RuntimeWarning: Degrees of freedom <= 0 for slice.
  var = nanvar(a, axis=axis, dtype=dtype, out=out, ddof=ddof,
C:\Users\Dan\AppData\Roaming\Python\Python314\site-packages\numpy\lib\_nanfunctions_impl.py:1997: RuntimeWarning: Degrees of freedom <= 0 for slice.
  var = nanvar(a, axis=axis, dtype=dtype, out=out, ddof=ddof,
C:\Users\Dan\AppData\Roaming\Python\Python314\site-packages\numpy\lib\_nanfunctions_impl.py:1997: RuntimeWarning: Degrees of freedom <= 0 for slice.
  var = nanvar(a, axis=axis, dtype=dtype, out=out, ddof=ddof,
C:\Users\Dan\AppData\Roaming\Python\Python314\site-packages\numpy\lib\_nanfunctions_impl.py:1997: RuntimeWarning: Degrees of freedom <= 0 for slice.
  var = nanvar(a, axis=axis, dtype=dtype, out=out, ddof=ddof,
C:\Users\Dan\AppData\Roaming\Python\Python314\site-packages\numpy\lib\_nanfunctions_impl.py:1997: RuntimeWarning: Degrees of freedom <= 0 for slice.
  var = nanvar(a, axis=axis, dtype=dtype, out=out, ddof=ddof,
C:\Users\Dan\AppData\Roaming\Python\Python314\site-packages\numpy\lib\_nanfunctions_impl.py:1997: RuntimeWarning: Degrees of freedom <= 0 for slice.
  var = nanvar(a, axis=axis, dtype=dtype, out=out, ddof=ddof,
C:\Users\Dan\AppData\Roaming\Python\Python314\site-packages\numpy\lib\_nanfunctions_impl.py:1997: RuntimeWarning: Degrees of freedom <= 0 for slice.
  var = nanvar(a, axis=axis, dtype=dtype, out=out, ddof=ddof,
Location scan complete: 30.1s
Location clusters: 431,933  (ex: 26/26, non-ex: 431,907)
F1 INTERSECT Location: 549 clusters  (ex-matched: 26/26)
Setup elapsed: 100.0s

==========================================================================================
=== MASTER SUMMARY (post-2020, 100% EX pass F1 + Location)
==========================================================================================
setup   N    ex       candidates     F1_cl      Loc_cl    F1_Loc  ex_match
htf     39   31       12,529,121     2,405     658,467     1,141    31/31 
bf      49   45       12,469,879     7,507     494,436     3,332    45/45 
base    32   42       12,570,886   113,078     705,433    46,482    42/42 
dtss    86   73       12,255,189   275,367     374,780     9,196    73/73 
3-4db   64   26       12,382,145     5,067     431,933       549    26/26 

Wrote summaries + CSVs to C:/Users/Dan/Documents/ScanPerfect/swing-screener-win-loss-classifier\research\presignal_grinder_all
