Loading OHLCV: C:/Users/Dan/Documents/ScanPerfect/swing-screener\local_runner\cache\universe_ohlcv_daily.pkl
Universe: 11842 tickers

=== HTF ===
  LOO on 31 examples...
    F1 LOO fails:  30/31  ['AFG/2021-02-04', 'AGO/2023-12-19', 'AR/2020-12-17', 'ASTS/2024-05-28', 'BB/2024-12-20']
    Loc LOO fails: 8/31  ['CHEF/2024-12-03', 'CR/2023-10-31', 'GME/2021-01-22', 'HTT/2021-01-12', 'OGI/2021-02-08']
    perm 1/5: carve=35.1069%  (186638/531628)  2.3s
    perm 2/5: carve=24.5958%  (134812/548109)  2.3s
    perm 3/5: carve=36.1766%  (192442/531952)  2.2s
    perm 4/5: carve=34.2945%  (176272/513995)  2.2s
    perm 5/5: carve=26.3209%  (139690/530718)  2.2s
  htf overfit elapsed: 17.5s

=== BF ===
  LOO on 45 examples...
    F1 LOO fails:  44/45  ['AA/2025-12-11', 'AMPX/2025-07-02', 'ANF/2023-11-01', 'ANF/2023-11-02', 'APLD/2025-10-01']
    Loc LOO fails: 11/45  ['APLD/2025-10-01', 'AXTI/2025-10-24', 'HROW/2024-09-10', 'HUT/2025-10-01', 'HYMC/2025-12-11']
    perm 1/5: carve=52.0286%  (275319/529169)  2.8s
    perm 2/5: carve=44.4411%  (231548/521022)  2.8s
    perm 3/5: carve=44.6770%  (227208/508557)  2.8s
    perm 4/5: carve=38.7394%  (206415/532830)  2.9s
    perm 5/5: carve=42.8106%  (225059/525709)  2.9s
  bf overfit elapsed: 27.8s

=== BASE ===
  LOO on 42 examples...
    F1 LOO fails:  33/42  ['AAPL/2024-11-25', 'ALM/2025-09-15', 'AMN/2021-04-22', 'APP/2024-09-11', 'ASTS/2025-06-04']
    Loc LOO fails: 8/42  ['ERO/2025-11-24', 'LNG/2021-04-23', 'QXO/2025-06-06', 'RCAT/2024-11-05', 'RGTI/2025-09-12']
    perm 1/5: carve=44.3204%  (245056/552919)  2.2s
    perm 2/5: carve=62.6905%  (332997/531176)  2.2s
    perm 3/5: carve=44.9932%  (229291/509613)  2.1s
    perm 4/5: carve=45.2594%  (244716/540697)  2.2s
    perm 5/5: carve=57.8632%  (318839/551022)  2.2s
  base overfit elapsed: 22.6s

=== DTSS ===
  LOO on 73 examples...
    F1 LOO fails:  66/73  ['AAOI/2024-02-16', 'ACHR/2025-07-18', 'AEE/2025-11-28', 'AIR/2022-06-08', 'ALTS/2025-02-20']
    Loc LOO fails: 11/73  ['ASST/2025-09-10', 'CVNA/2023-09-15', 'FUBO/2025-09-23', 'GAP/2024-06-03', 'GTM/2025-11-04']
    perm 1/5: carve=54.5762%  (281846/516427)  12.0s
    perm 2/5: carve=44.6347%  (232052/519891)  12.3s
    perm 3/5: carve=46.8338%  (248299/530171)  13.0s
    perm 4/5: carve=56.3882%  (299754/531590)  13.0s
    perm 5/5: carve=60.3782%  (315307/522220)  12.3s
  dtss overfit elapsed: 98.9s

=== 3-4DB ===
  LOO on 26 examples...
    F1 LOO fails:  26/26  ['ACHR/2025-10-27', 'AEVA/2025-07-08', 'AEVA/2025-07-21', 'APP/2026-01-14', 'ARM/2025-11-03']
    Loc LOO fails: 9/26  ['APP/2026-01-14', 'BE/2025-10-28', 'BTQ/2025-10-27', 'GOGO/2025-08-12', 'LEU/2025-10-27']
    perm 1/5: carve=24.2279%  (131114/541170)  2.9s
    perm 2/5: carve=30.1170%  (154969/514557)  2.8s
    perm 3/5: carve=36.9238%  (199317/539806)  2.9s
    perm 4/5: carve=23.1383%  (120666/521498)  2.8s
    perm 5/5: carve=18.1695%  (91688/504627)  2.8s
  3-4db overfit elapsed: 19.0s

====================================================================================================
=== OVERFIT SUMMARY
====================================================================================================
setup   N    n_ex     F1 LOO fail  Loc LOO fail    real carve   random mean     ratio
htf     39   31          96.8%         25.8%       0.0202%      31.2989%     0.0006
bf      49   45          97.8%         24.4%       0.0673%      44.5393%     0.0015
base    32   42          78.6%         19.0%       0.9791%      51.0253%     0.0192
dtss    86   73          90.4%         15.1%       7.4473%      52.5622%     0.1417
3-4db   64   26         100.0%         34.6%       0.0454%      26.5153%     0.0017
