  SCRIPT_DIR     = C:\Users\Dan\Documents\ScanPerfect\swing-screener\scripts
  WORKTREE_ROOT  = C:\Users\Dan\Documents\ScanPerfect\swing-screener
  MAIN_REPO_ROOT = C:\Users\Dan\Documents\ScanPerfect\swing-screener
  CLASSIFIER_REPO= C:\Users\Dan\Documents\ScanPerfect\swing-screener
  OUTPUT_DIR     = C:\Users\Dan\Documents\ScanPerfect\swing-screener\data\signal_exit_grind
  Loading OHLCV cache from C:\Users\Dan\Documents\ScanPerfect\swing-screener\local_runner\cache\universe_ohlcv_daily.pkl
  OHLCV tickers: 11,859
  Loading earnings dates from C:\Users\Dan\Documents\ScanPerfect\swing-screener\data\scanperfect.db
  Earnings tickers: 4,683  rows: 94,334

============================================================
  SIGNAL EXIT POOL GRINDER — HTF (L14 labeler)
============================================================
  Tags htf: 272 clusters  (ENTRY=243  REDUNDANT=19  NOENTRY=10  MISSING=0)

  PHASE 1: build cluster meta (ADR14, eff_entry, stop, cap, stop_hit_bar, mfe_during_life)
  meta built in 0.1s — entered=243  not_entry=29  skipped_missing=0

  PHASE 2: apply L14 labeler (T = min(example mfe_during_life))
  T = 2.3760 ADR  set by OSCR cluster 177  (horizon=9, stop_hit_bar=9, eff_horizon=9, mfe_during_life=2.376)
  examples_lock: 28/28  (PASS)

  PHASE 3: summary + write
  Wild WIN: 83/215 (38.6%)  LOSS: 132
  Top 5 wild WIN by mfe_during_life:
       TAN cid= 231  mfe= 68.37  horizon=120  stop_hit=120
      WKHS cid= 257  mfe= 46.94  horizon= 38  stop_hit=38
       UWM cid= 248  mfe= 21.34  horizon=120  stop_hit=120
       UWM cid= 249  mfe= 19.16  horizon=120  stop_hit=120
      LMND cid= 147  mfe= 18.32  horizon= 72  stop_hit=72
  Bottom 5 wild LOSS by mfe_during_life:
      ADNT cid=   4  mfe= -0.85  horizon= 56  stop_hit=0
      SKYT cid= 220  mfe= -0.81  horizon= 45  stop_hit=0
      BITX cid=  32  mfe= -0.78  horizon=120  stop_hit=0
       WSM cid= 259  mfe= -0.64  horizon= 33  stop_hit=0
       PWP cid= 200  mfe= -0.59  horizon= 53  stop_hit=0
  Wrote C:\Users\Dan\Documents\ScanPerfect\swing-screener\data\signal_exit_grind\signal_exit_pool_htf.json

  TOTAL: 0.1s
EXIT=0
