  SCRIPT_DIR     = C:\Users\Dan\Documents\ScanPerfect\swing-screener\scripts
  WORKTREE_ROOT  = C:\Users\Dan\Documents\ScanPerfect\swing-screener
  MAIN_REPO_ROOT = C:\Users\Dan\Documents\ScanPerfect\swing-screener
  CLASSIFIER_REPO= C:\Users\Dan\Documents\ScanPerfect\swing-screener
  OUTPUT_DIR     = C:\Users\Dan\Documents\ScanPerfect\swing-screener\data\signal_exit_grind
  Loading OHLCV cache from C:\Users\Dan\Documents\ScanPerfect\swing-screener\local_runner\cache\universe_ohlcv_daily.pkl
  OHLCV tickers: 11,859
  Loading earnings dates from C:\Users\Dan\Documents\ScanPerfect\swing-screener\data\scanperfect.db
  Earnings tickers: 4,683  rows: 94,334

============================================================
  SIGNAL EXIT POOL GRINDER — BF (L14 labeler)
============================================================
  Tags bf: 344 clusters  (ENTRY=298  REDUNDANT=39  NOENTRY=7  MISSING=0)

  PHASE 1: build cluster meta (ADR14, eff_entry, stop, cap, stop_hit_bar, mfe_during_life)
  meta built in 0.1s — entered=295  not_entry=46  skipped_missing=3

  PHASE 2: apply L14 labeler (T = min(example mfe_during_life))
  T = 2.3760 ADR  set by OSCR cluster 229  (horizon=9, stop_hit_bar=9, eff_horizon=9, mfe_during_life=2.376)
  examples_lock: 45/45  (PASS)

  PHASE 3: summary + write
  Wild WIN: 106/250 (42.4%)  LOSS: 144
  Top 5 wild WIN by mfe_during_life:
      REAL cid= 249  mfe= 26.67  horizon= 60  stop_hit=60
      VCEL cid= 332  mfe= 25.34  horizon= 51  stop_hit=51
      VNET cid= 334  mfe= 25.22  horizon= 37  stop_hit=37
      IONQ cid= 146  mfe= 24.81  horizon= 73  stop_hit=73
        NG cid= 201  mfe= 20.41  horizon=120  stop_hit=120
  Bottom 5 wild LOSS by mfe_during_life:
      FDIG cid= 104  mfe= -0.59  horizon=120  stop_hit=0
       TEN cid= 304  mfe= -0.59  horizon=  5  stop_hit=0
       MGA cid= 178  mfe= -0.54  horizon= 44  stop_hit=0
      WULF cid= 336  mfe= -0.53  horizon=  8  stop_hit=0
       KOS cid= 163  mfe= -0.50  horizon= 29  stop_hit=0
  Wrote C:\Users\Dan\Documents\ScanPerfect\swing-screener\data\signal_exit_grind\signal_exit_pool_bf.json

  TOTAL: 0.1s
EXIT=0
