Load OHLCV + expr cache + earnings...
  11,842 tickers, 16039 exprs, 4,683 tickers have earnings

=== DTSS ===
  direction=short, n_examples=73
  examples analyzed: 73/73
  MAE from signal_low (ADR) during race:            {'min': -0.74, 'p10': -0.05, 'p50': 0.5, 'p90': 2.06, 'max': 6.7}
  MAE from signal_close (adverse) (ADR):            {'min': -0.18, 'p10': 0.14, 'p50': 0.79, 'p90': 2.5, 'max': 7.23}
  entry_extreme vs signal_extreme (ADR, +ve = entry past signal):
    {'min': -0.74, 'p10': -0.05, 'p50': 0.54, 'p90': 2.06, 'max': 6.7}

=== HTF ===
  direction=long, n_examples=28
  examples analyzed: 28/28
  MAE from signal_low (ADR) during race:            {'min': -2.21, 'p10': -1.1, 'p50': -0.55, 'p90': -0.14, 'max': 0.62}
  MAE from signal_close (adverse) (ADR):            {'min': -0.98, 'p10': -0.63, 'p50': 0.01, 'p90': 0.39, 'max': 1.0}
  entry_extreme vs signal_extreme (ADR, +ve = entry past signal):
    {'min': -2.21, 'p10': -1.3, 'p50': -0.65, 'p90': -0.18, 'max': 0.62}

=== BF ===
  direction=long, n_examples=45
  examples analyzed: 45/45
  MAE from signal_low (ADR) during race:            {'min': -1.66, 'p10': -1.02, 'p50': -0.57, 'p90': -0.22, 'max': 0.59}
  MAE from signal_close (adverse) (ADR):            {'min': -1.16, 'p10': -0.32, 'p50': -0.02, 'p90': 0.24, 'max': 1.04}
  entry_extreme vs signal_extreme (ADR, +ve = entry past signal):
    {'min': -1.66, 'p10': -1.02, 'p50': -0.57, 'p90': -0.22, 'max': 0.59}

=== BASE ===
  direction=long, n_examples=42
  examples analyzed: 42/42
  MAE from signal_low (ADR) during race:            {'min': -2.21, 'p10': -1.33, 'p50': -0.51, 'p90': 0.0, 'max': 0.47}
  MAE from signal_close (adverse) (ADR):            {'min': -1.31, 'p10': -0.53, 'p50': -0.01, 'p90': 0.41, 'max': 0.61}
  entry_extreme vs signal_extreme (ADR, +ve = entry past signal):
    {'min': -2.48, 'p10': -1.36, 'p50': -0.56, 'p90': -0.03, 'max': 0.47}

===== cross-setup summary =====
{
  "dtss": {
    "direction": "short",
    "mae_from_signal_low_adr_max": 6.697,
    "mae_from_signal_close_adr_max": 7.233,
    "entry_past_signal_adr_max": 6.697
  },
  "htf": {
    "direction": "long",
    "mae_from_signal_low_adr_max": 0.625,
    "mae_from_signal_close_adr_max": 1.001,
    "entry_past_signal_adr_max": 0.625
  },
  "bf": {
    "direction": "long",
    "mae_from_signal_low_adr_max": 0.586,
    "mae_from_signal_close_adr_max": 1.036,
    "entry_past_signal_adr_max": 0.586
  },
  "base": {
    "direction": "long",
    "mae_from_signal_low_adr_max": 0.472,
    "mae_from_signal_close_adr_max": 0.611,
    "entry_past_signal_adr_max": 0.472
  }
}

Wrote stop_derivation_examples.csv (188 rows)
